/*
 * Licensed to the Apache Software Foundation (ASF) under one
 * or more contributor license agreements.  See the NOTICE file
 * distributed with this work for additional information
 * regarding copyright ownership.  The ASF licenses this file
 * to you under the Apache License, Version 2.0 (the
 * "License"); you may not use this file except in compliance
 * with the License.  You may obtain a copy of the License at
 *
 * http://www.apache.org/licenses/LICENSE-2.0
 *
 * Unless required by applicable law or agreed to in writing,
 * software distributed under the License is distributed on an
 * "AS IS" BASIS, WITHOUT WARRANTIES OR CONDITIONS OF ANY
 * KIND, either express or implied.  See the License for the
 * specific language governing permissions and limitations
 * under the License.
 */
LOAD 'age';
SET search_path TO ag_catalog;
--
-- create_graph(), drop_label(), and drop_graph() tests
--
SELECT create_graph('graph');
NOTICE:  graph "graph" has been created
 create_graph 
--------------
 
(1 row)

SELECT name, namespace FROM ag_graph WHERE name = 'graph';
 name  | namespace 
-------+-----------
 graph | graph
(1 row)

-- create a label to test drop_label()
SELECT * FROM cypher('graph', $$CREATE (:l)$$) AS r(a agtype);
 a 
---
(0 rows)

-- test drop_label()
SELECT drop_label('graph', 'l');
NOTICE:  label "graph"."l" has been dropped
 drop_label 
------------
 
(1 row)

-- create a label to test drop_graph()
SELECT * FROM cypher('graph', $$CREATE (:v)$$) AS r(a agtype);
 a 
---
(0 rows)

-- DROP SCHEMA ... CASCADE should fail
DROP SCHEMA graph CASCADE;
NOTICE:  drop cascades to 4 other objects
DETAIL:  drop cascades to sequence graph._label_id_seq
drop cascades to table graph._ag_label_vertex
drop cascades to table graph._ag_label_edge
drop cascades to table graph.v
ERROR:  table "v" is for label "v"
-- DROP TABLE ... should fail
DROP TABLE graph.v;
ERROR:  table "v" is for label "v"
-- should fail (cascade = false)
SELECT drop_graph('graph');
ERROR:  cannot drop schema graph because other objects depend on it
DETAIL:  table graph._ag_label_vertex depends on schema graph
table graph._ag_label_edge depends on schema graph
table graph.v depends on schema graph
HINT:  Use DROP ... CASCADE to drop the dependent objects too.
SELECT drop_graph('graph', true);
NOTICE:  drop cascades to 3 other objects
DETAIL:  drop cascades to table graph._ag_label_vertex
drop cascades to table graph._ag_label_edge
drop cascades to table graph.v
NOTICE:  graph "graph" has been dropped
 drop_graph 
------------
 
(1 row)

SELECT count(*) FROM ag_graph WHERE name = 'graph';
 count 
-------
     0
(1 row)

SELECT count(*) FROM pg_namespace WHERE nspname = 'graph';
 count 
-------
     0
(1 row)

-- invalid cases
SELECT create_graph(NULL);
ERROR:  graph name can not be NULL
SELECT drop_graph(NULL);
ERROR:  graph name can not be NULL
SELECT create_graph('');
ERROR:  graph name is invalid
--
-- alter_graph() RENAME function tests
--
-- create 2 graphs for test.
SELECT create_graph('GraphA');
NOTICE:  graph "GraphA" has been created
 create_graph 
--------------
 
(1 row)

SELECT create_graph('GraphB');
NOTICE:  graph "GraphB" has been created
 create_graph 
--------------
 
(1 row)

-- Show GraphA's construction to verify case is preserved.
SELECT name, namespace FROM ag_graph WHERE name = 'GraphA';
  name  | namespace 
--------+-----------
 GraphA | "GraphA"
(1 row)

SELECT nspname FROM pg_namespace WHERE nspname = 'GraphA';
 nspname 
---------
 GraphA
(1 row)

-- Rename GraphA to GraphX.
SELECT alter_graph('GraphA', 'RENAME', 'GraphX');
NOTICE:  graph "GraphA" renamed to "GraphX"
 alter_graph 
-------------
 
(1 row)

-- Show GraphX's construction to verify case is preserved.
SELECT name, namespace FROM ag_graph WHERE name = 'GraphX';
  name  | namespace 
--------+-----------
 GraphX | "GraphX"
(1 row)

SELECT nspname FROM pg_namespace WHERE nspname = 'GraphX';
 nspname 
---------
 GraphX
(1 row)

-- Verify there isn't a graph GraphA anymore.
SELECT name, namespace FROM ag_graph WHERE name = 'GraphA';
 name | namespace 
------+-----------
(0 rows)

SELECT * FROM pg_namespace WHERE nspname = 'GraphA';
 oid | nspname | nspowner | nspacl 
-----+---------+----------+--------
(0 rows)

-- Sanity check that graphx does not exist - should return 0.
SELECT count(*) FROM ag_graph where name = 'graphx';
 count 
-------
     0
(1 row)

-- Verify case sensitivity (graphx does not exist, but GraphX does) - should fail.
SELECT alter_graph('graphx', 'RENAME', 'GRAPHX');
ERROR:  graph "graphx" does not exist
-- Checks for collisions (GraphB already exists) - should fail.
SELECT alter_graph('GraphX', 'RENAME', 'GraphB');
ERROR:  schema "GraphB" already exists
-- Remove graphs.
SELECT drop_graph('GraphX', true);
NOTICE:  drop cascades to 2 other objects
DETAIL:  drop cascades to table "GraphX"._ag_label_vertex
drop cascades to table "GraphX"._ag_label_edge
NOTICE:  graph "GraphX" has been dropped
 drop_graph 
------------
 
(1 row)

SELECT drop_graph('GraphB', true);
NOTICE:  drop cascades to 2 other objects
DETAIL:  drop cascades to table "GraphB"._ag_label_vertex
drop cascades to table "GraphB"._ag_label_edge
NOTICE:  graph "GraphB" has been dropped
 drop_graph 
------------
 
(1 row)

-- Verify that renaming a graph that does not exist fails.
SELECT alter_graph('GraphB', 'RENAME', 'GraphA');
ERROR:  graph "GraphB" does not exist
-- Verify NULL input checks.
SELECT alter_graph(NULL, 'RENAME', 'GraphA');
ERROR:  graph_name must not be NULL
SELECT alter_graph('GraphB', NULL, 'GraphA');
ERROR:  operation must not be NULL
SELECT alter_graph('GraphB', 'RENAME', NULL);
ERROR:  new_value must not be NULL
-- Verify invalid input check for operation parameter.
SELECT alter_graph('GraphB', 'DUMMY', 'GraphA');
ERROR:  invalid operation "DUMMY"
HINT:  valid operations: RENAME
--
-- label id test
--
SELECT create_graph('graph');
NOTICE:  graph "graph" has been created
 create_graph 
--------------
 
(1 row)

-- label id starts from 1
SELECT * FROM cypher('graph', $$CREATE (:v1)$$) AS r(a agtype);
 a 
---
(0 rows)

SELECT name, id, kind, relation FROM ag_label;
       name       | id | kind |        relation        
------------------+----+------+------------------------
 _ag_label_vertex |  1 | v    | graph._ag_label_vertex
 _ag_label_edge   |  2 | e    | graph._ag_label_edge
 v1               |  3 | v    | graph.v1
(3 rows)

-- skip label id 2 to test the logic that gets an unused label id after cycle
SELECT nextval('graph._label_id_seq');
 nextval 
---------
       4
(1 row)

-- label id is now 3
SELECT * FROM cypher('graph', $$CREATE (:v3)$$) as r(a agtype);
 a 
---
(0 rows)

SELECT name, id, kind, relation FROM ag_label;
       name       | id | kind |        relation        
------------------+----+------+------------------------
 _ag_label_vertex |  1 | v    | graph._ag_label_vertex
 _ag_label_edge   |  2 | e    | graph._ag_label_edge
 v1               |  3 | v    | graph.v1
 v3               |  5 | v    | graph.v3
(4 rows)

-- to use 65535 as the next label id, set label id to 65534
SELECT setval('graph._label_id_seq', 65534);
 setval 
--------
  65534
(1 row)

-- label id is now 65535
SELECT * FROM cypher('graph', $$CREATE (:v65535)$$) as r(a agtype);
 a 
---
(0 rows)

SELECT name, id, kind, relation FROM ag_label;
       name       |  id   | kind |        relation        
------------------+-------+------+------------------------
 _ag_label_vertex |     1 | v    | graph._ag_label_vertex
 _ag_label_edge   |     2 | e    | graph._ag_label_edge
 v1               |     3 | v    | graph.v1
 v3               |     5 | v    | graph.v3
 v65535           | 65535 | v    | graph.v65535
(5 rows)

-- after cycle, label id is now 2
SELECT * FROM cypher('graph', $$CREATE (:v2)$$) as r(a agtype);
 a 
---
(0 rows)

SELECT name, id, kind, relation FROM ag_label;
       name       |  id   | kind |        relation        
------------------+-------+------+------------------------
 _ag_label_vertex |     1 | v    | graph._ag_label_vertex
 _ag_label_edge   |     2 | e    | graph._ag_label_edge
 v1               |     3 | v    | graph.v1
 v3               |     5 | v    | graph.v3
 v65535           | 65535 | v    | graph.v65535
 v2               |     4 | v    | graph.v2
(6 rows)

SELECT drop_graph('graph', true);
NOTICE:  drop cascades to 6 other objects
DETAIL:  drop cascades to table graph._ag_label_vertex
drop cascades to table graph._ag_label_edge
drop cascades to table graph.v1
drop cascades to table graph.v3
drop cascades to table graph.v65535
drop cascades to table graph.v2
NOTICE:  graph "graph" has been dropped
 drop_graph 
------------
 
(1 row)

-- create labels
SELECT create_graph('graph');
NOTICE:  graph "graph" has been created
 create_graph 
--------------
 
(1 row)

SELECT create_vlabel('graph', 'n');
NOTICE:  VLabel "n" has been created
 create_vlabel 
---------------
 
(1 row)

SELECT create_elabel('graph', 'r');
NOTICE:  ELabel "r" has been created
 create_elabel 
---------------
 
(1 row)

-- check if labels have been created or not
SELECT name, id, kind, relation FROM ag_label;
       name       | id | kind |        relation        
------------------+----+------+------------------------
 _ag_label_vertex |  1 | v    | graph._ag_label_vertex
 _ag_label_edge   |  2 | e    | graph._ag_label_edge
 n                |  3 | v    | graph.n
 r                |  4 | e    | graph.r
(4 rows)

-- try to create duplicate labels
SELECT create_vlabel('graph', 'n');
ERROR:  label "n" already exists
SELECT create_elabel('graph', 'r');
ERROR:  label "r" already exists
-- remove the labels that have been created
SELECT drop_label('graph', 'n', false);
NOTICE:  label "graph"."n" has been dropped
 drop_label 
------------
 
(1 row)

SELECT drop_label('graph', 'r', false);
NOTICE:  label "graph"."r" has been dropped
 drop_label 
------------
 
(1 row)

-- check if labels have been deleted or not
SELECT name, id, kind, relation FROM ag_label;
       name       | id | kind |        relation        
------------------+----+------+------------------------
 _ag_label_vertex |  1 | v    | graph._ag_label_vertex
 _ag_label_edge   |  2 | e    | graph._ag_label_edge
(2 rows)

-- try to remove labels that is not there
SELECT drop_label('graph', 'n');
ERROR:  label "n" does not exist
SELECT drop_label('graph', 'r');
ERROR:  label "r" does not exist
-- Trying to call the functions with label null
SELECT create_vlabel('graph', NULL);
ERROR:  label name must not be NULL
SELECT create_elabel('graph', NULL);
ERROR:  label name must not be NULL
-- Trying to call the functions with graph null
SELECT create_vlabel(NULL, 'n');
ERROR:  graph name must not be NULL
SELECT create_elabel(NULL, 'r');
ERROR:  graph name must not be NULL
-- Trying to call the functions with both null
SELECT create_vlabel(NULL, NULL);
ERROR:  graph name must not be NULL
SELECT create_elabel(NULL, NULL);
ERROR:  graph name must not be NULL
-- age_graph_exists()
CREATE FUNCTION raise_notice(graph_name TEXT)
RETURNS void AS $$
DECLARE
    res BOOLEAN;
BEGIN
    -- this tests whether graph_exists works with IF-ELSE.
    SELECT graph_exists('graph1') INTO res;
    IF res THEN
        RAISE NOTICE 'graph exists';
    ELSE
        RAISE NOTICE 'graph does not exist';
    END IF;
END  $$ LANGUAGE plpgsql;
SELECT graph_exists('graph1');
 graph_exists 
--------------
 false
(1 row)

SELECT create_graph('graph1');
NOTICE:  graph "graph1" has been created
 create_graph 
--------------
 
(1 row)

SELECT graph_exists('graph1');
 graph_exists 
--------------
 true
(1 row)

SELECT raise_notice('graph1');
NOTICE:  graph exists
 raise_notice 
--------------
 
(1 row)

SELECT drop_graph('graph1', true);
NOTICE:  drop cascades to 2 other objects
DETAIL:  drop cascades to table graph1._ag_label_vertex
drop cascades to table graph1._ag_label_edge
NOTICE:  graph "graph1" has been dropped
 drop_graph 
------------
 
(1 row)

SELECT graph_exists('graph1');
 graph_exists 
--------------
 false
(1 row)

SELECT raise_notice('graph1');
NOTICE:  graph does not exist
 raise_notice 
--------------
 
(1 row)

DROP FUNCTION raise_notice(TEXT);
-- dropping the graph
SELECT drop_graph('graph', true);
NOTICE:  drop cascades to 2 other objects
DETAIL:  drop cascades to table graph._ag_label_vertex
drop cascades to table graph._ag_label_edge
NOTICE:  graph "graph" has been dropped
 drop_graph 
------------
 
(1 row)

